<style type="text/stylesheet" src="/assets/test/css/main.css"></style><style type="text/stylesheet">.extended-block {
  border: 1px solid black;
  border-radius: 10px; }

.content-navigation {
  border-color: #3bbfce;
  color: #2ca2af; }

.border {
  padding: 8px;
  margin: 8px;
  border-color: #3bbfce; }
</style><script type="text/javascript">// Generated by CoffeeScript 1.4.0
(function() {
  var cubes, list, math, num, number, opposite, race, square,
    __slice = [].slice;

  number = 42;

  opposite = true;

  if (opposite) {
    number = -42;
  }

  square = function(x) {
    return x * x;
  };

  list = [1, 2, 3, 4, 5];

  math = {
    root: Math.sqrt,
    square: square,
    cube: function(x) {
      return x * square(x);
    }
  };

  race = function() {
    var runners, winner;
    winner = arguments[0], runners = 2 <= arguments.length ? __slice.call(arguments, 1) : [];
    return print(winner, runners);
  };

  if (typeof elvis !== "undefined" && elvis !== null) {
    alert("I knew it!");
  }

  cubes = (function() {
    var _i, _len, _results;
    _results = [];
    for (_i = 0, _len = list.length; _i < _len; _i++) {
      num = list[_i];
      _results.push(math.cube(num));
    }
    return _results;
  })();

  console.log("coffee-script loaded");

  alert('success');

}).call(this);
</script><script type="text/javascript" src="/assets/jquery/jquery-1.9.1.min.js"></script><style type="text/stylesheet" src="/assets/jquery-ui/jquery-jquery-ui-27c4854/themes/base/jquery.ui.base.css"></style><style type="text/stylesheet" src="/assets/jquery-ui/jquery-jquery-ui-27c4854/themes/base/jquery.ui.core.css"></style><style type="text/stylesheet" src="/assets/jquery-ui/jquery-jquery-ui-27c4854/themes/base/jquery.ui.accordion.css"></style><style type="text/stylesheet" src="/assets/jquery-ui/jquery-jquery-ui-27c4854/themes/base/jquery.ui.all.css"></style><style type="text/stylesheet" src="/assets/jquery-ui/jquery-jquery-ui-27c4854/themes/base/jquery.ui.autocomplete.css"></style><style type="text/stylesheet" src="/assets/jquery-ui/jquery-jquery-ui-27c4854/themes/base/jquery.ui.button.css"></style><style type="text/stylesheet" src="/assets/jquery-ui/jquery-jquery-ui-27c4854/themes/base/jquery.ui.datepicker.css"></style><style type="text/stylesheet" src="/assets/jquery-ui/jquery-jquery-ui-27c4854/themes/base/jquery.ui.dialog.css"></style><style type="text/stylesheet" src="/assets/jquery-ui/jquery-jquery-ui-27c4854/themes/base/jquery.ui.progressbar.css"></style><style type="text/stylesheet" src="/assets/jquery-ui/jquery-jquery-ui-27c4854/themes/base/jquery.ui.resizable.css"></style><style type="text/stylesheet" src="/assets/jquery-ui/jquery-jquery-ui-27c4854/themes/base/jquery.ui.selectable.css"></style><style type="text/stylesheet" src="/assets/jquery-ui/jquery-jquery-ui-27c4854/themes/base/jquery.ui.slider.css"></style><style type="text/stylesheet" src="/assets/jquery-ui/jquery-jquery-ui-27c4854/themes/base/jquery.ui.tabs.css"></style><style type="text/stylesheet" src="/assets/jquery-ui/jquery-jquery-ui-27c4854/themes/base/jquery.ui.theme.css"></style><script type="text/javascript" src="/assets/jquery-ui/jquery-jquery-ui-27c4854/ui/jquery.ui.core.js"></script><script type="text/javascript" src="/assets/jquery-ui/jquery-jquery-ui-27c4854/ui/jquery.ui.widget.js"></script><script type="text/javascript" src="/assets/jquery-ui/jquery-jquery-ui-27c4854/ui/jquery.ui.mouse.js"></script><script type="text/javascript" src="/assets/jquery-ui/jquery-jquery-ui-27c4854/ui/jquery.ui.position.js"></script><script type="text/javascript" src="/assets/jquery-ui/jquery-jquery-ui-27c4854/ui/jquery.ui.accordion.js"></script><script type="text/javascript" src="/assets/jquery-ui/jquery-jquery-ui-27c4854/ui/jquery.ui.autocomplete.js"></script><script type="text/javascript" src="/assets/jquery-ui/jquery-jquery-ui-27c4854/ui/jquery.ui.button.js"></script><script type="text/javascript" src="/assets/jquery-ui/jquery-jquery-ui-27c4854/ui/jquery.ui.datepicker.js"></script><script type="text/javascript" src="/assets/jquery-ui/jquery-jquery-ui-27c4854/ui/jquery.ui.dialog.js"></script><script type="text/javascript" src="/assets/jquery-ui/jquery-jquery-ui-27c4854/ui/jquery.ui.draggable.js"></script><script type="text/javascript" src="/assets/jquery-ui/jquery-jquery-ui-27c4854/ui/jquery.ui.droppable.js"></script><script type="text/javascript" src="/assets/jquery-ui/jquery-jquery-ui-27c4854/ui/jquery.ui.progressbar.js"></script><script type="text/javascript" src="/assets/jquery-ui/jquery-jquery-ui-27c4854/ui/jquery.ui.resizable.js"></script><script type="text/javascript" src="/assets/jquery-ui/jquery-jquery-ui-27c4854/ui/jquery.ui.selectable.js"></script><script type="text/javascript" src="/assets/jquery-ui/jquery-jquery-ui-27c4854/ui/jquery.ui.slider.js"></script><script type="text/javascript" src="/assets/jquery-ui/jquery-jquery-ui-27c4854/ui/jquery.ui.sortable.js"></script><script type="text/javascript" src="/assets/jquery-ui/jquery-jquery-ui-27c4854/ui/jquery.ui.tabs.js"></script>